// Jest Snapshot v1, https://goo.gl/fbAQLP

exports[`Badge atom component should render correctly 1`] = `
<span
  className="badge"
>
  text
</span>
`;
